=== RUN   TestStdlibRegistryCoversLibDirectory
--- PASS: TestStdlibRegistryCoversLibDirectory (0.00s)
PASS
ok  	github.com/spcfork/magnolia	2.125s
